{"sessionId":"18b736","location":"pages/api/admin/orders.ts","message":"orders handler entered","data":{"method":"GET"},"hypothesisId":"D","runId":"post-fix","timestamp":1780599822012}
{"sessionId":"18b736","location":"lib/firebase/admin.ts:db-proxy","message":"first db access","data":{},"hypothesisId":"D","runId":"post-fix","timestamp":1780599822017}
{"sessionId":"18b736","location":"lib/firebase/admin.ts:ensureInitialized","message":"reuse existing app","data":{"appsCount":1},"hypothesisId":"D","runId":"post-fix","timestamp":1780599822019}
{"sessionId":"18b736","location":"pages/api/admin/orders.ts","message":"orders handler success","data":{"count":0},"hypothesisId":"A","runId":"post-fix","timestamp":1780599822728}
{"sessionId":"18b736","location":"pages/api/admin/orders.ts","message":"orders handler entered","data":{"method":"GET"},"hypothesisId":"D","runId":"post-fix","timestamp":1780599873478}
{"sessionId":"18b736","location":"lib/firebase/admin.ts:db-proxy","message":"first db access","data":{},"hypothesisId":"D","runId":"post-fix","timestamp":1780599873482}
{"sessionId":"18b736","location":"lib/firebase/admin.ts:ensureInitialized","message":"reuse existing app","data":{"appsCount":1},"hypothesisId":"D","runId":"post-fix","timestamp":1780599873483}
{"sessionId":"18b736","location":"pages/api/admin/orders.ts","message":"orders handler success","data":{"count":0},"hypothesisId":"A","runId":"post-fix","timestamp":1780599874219}
{"sessionId":"18b736","location":"pages/api/admin/orders.ts","message":"orders handler entered","data":{"method":"GET"},"hypothesisId":"D","runId":"post-fix","timestamp":1780599896885}
{"sessionId":"18b736","location":"lib/firebase/admin.ts:ensureInitialized","message":"reuse existing app","data":{"appsCount":1},"hypothesisId":"D","runId":"post-fix","timestamp":1780599896886}
{"sessionId":"18b736","location":"pages/api/admin/orders.ts","message":"orders handler success","data":{"count":0},"hypothesisId":"A","runId":"post-fix","timestamp":1780599899416}
{"sessionId":"18b736","location":"pages/api/admin/orders.ts","message":"orders handler entered","data":{"method":"GET"},"hypothesisId":"D","runId":"post-fix","timestamp":1780599918102}
{"sessionId":"18b736","location":"lib/firebase/admin.ts:db-proxy","message":"first db access","data":{},"hypothesisId":"D","runId":"post-fix","timestamp":1780599918104}
{"sessionId":"18b736","location":"lib/firebase/admin.ts:ensureInitialized","message":"reuse existing app","data":{"appsCount":1},"hypothesisId":"D","runId":"post-fix","timestamp":1780599918106}
{"sessionId":"18b736","location":"pages/api/admin/orders.ts","message":"orders handler success","data":{"count":0},"hypothesisId":"A","runId":"post-fix","timestamp":1780599918823}
{"sessionId":"18b736","location":"pages/api/admin/orders.ts","message":"orders handler entered","data":{"method":"GET"},"hypothesisId":"D","runId":"post-fix","timestamp":1780600567228}
{"sessionId":"18b736","location":"lib/firebase/admin.ts:db-proxy","message":"first db access","data":{},"hypothesisId":"D","runId":"post-fix","timestamp":1780600567240}
{"sessionId":"18b736","location":"lib/firebase/admin.ts:ensureInitialized","message":"initializing new app","data":{"appsCountBefore":0},"hypothesisId":"A,E","runId":"post-fix","timestamp":1780600567243}
{"sessionId":"18b736","location":"lib/firebase/admin.ts:getServiceAccount","message":"credential env check","data":{"hasProjectId":true,"hasClientEmail":true,"hasPrivateKey":true,"privateKeySource":"env","envPrivateKeyLength":1704,"serviceAccountFileFound":true,"privateKeyHasEscapedNewline":false},"hypothesisId":"A,B,C,H6","runId":"post-fix","timestamp":1780600567245}
{"sessionId":"18b736","location":"lib/firebase/admin.ts:ensureInitialized","message":"init success","data":{"appsCountAfter":1},"hypothesisId":"A","runId":"post-fix","timestamp":1780600567248}
{"sessionId":"18b736","location":"pages/api/admin/orders.ts","message":"orders handler success","data":{"count":0},"hypothesisId":"A","runId":"post-fix","timestamp":1780600571562}
{"sessionId":"18b736","location":"pages/api/admin/orders.ts","message":"orders handler entered","data":{"method":"GET"},"hypothesisId":"D","runId":"post-fix","timestamp":1780600575995}
{"sessionId":"18b736","location":"lib/firebase/admin.ts:ensureInitialized","message":"reuse existing app","data":{"appsCount":1},"hypothesisId":"D","runId":"post-fix","timestamp":1780600575996}
{"sessionId":"18b736","location":"pages/api/admin/orders.ts","message":"orders handler success","data":{"count":0},"hypothesisId":"A","runId":"post-fix","timestamp":1780600576724}
{"sessionId":"18b736","location":"pages/api/admin/orders.ts","message":"orders handler entered","data":{"method":"GET"},"hypothesisId":"D","runId":"post-fix","timestamp":1780600582443}
{"sessionId":"18b736","location":"lib/firebase/admin.ts:ensureInitialized","message":"reuse existing app","data":{"appsCount":1},"hypothesisId":"D","runId":"post-fix","timestamp":1780600582445}
{"sessionId":"18b736","location":"pages/api/admin/orders.ts","message":"orders handler success","data":{"count":0},"hypothesisId":"A","runId":"post-fix","timestamp":1780600583181}
{"sessionId":"18b736","location":"pages/api/admin/orders.ts","message":"orders handler entered","data":{"method":"GET"},"hypothesisId":"D","runId":"post-fix","timestamp":1780602468147}
{"sessionId":"18b736","location":"lib/firebase/admin.ts:db-proxy","message":"first db access","data":{},"hypothesisId":"D","runId":"post-fix","timestamp":1780602468153}
{"sessionId":"18b736","location":"lib/firebase/admin.ts:ensureInitialized","message":"reuse existing app","data":{"appsCount":1},"hypothesisId":"D","runId":"post-fix","timestamp":1780602468155}
{"sessionId":"18b736","location":"pages/api/admin/orders.ts","message":"orders handler success","data":{"count":0},"hypothesisId":"A","runId":"post-fix","timestamp":1780602471705}
{"sessionId":"18b736","location":"pages/api/admin/orders.ts","message":"orders handler entered","data":{"method":"GET"},"hypothesisId":"D","runId":"post-fix","timestamp":1780602474523}
{"sessionId":"18b736","location":"lib/firebase/admin.ts:ensureInitialized","message":"reuse existing app","data":{"appsCount":1},"hypothesisId":"D","runId":"post-fix","timestamp":1780602474527}
{"sessionId":"18b736","location":"pages/api/admin/orders.ts","message":"orders handler success","data":{"count":0},"hypothesisId":"A","runId":"post-fix","timestamp":1780602477050}
{"sessionId":"18b736","location":"pages/api/admin/orders.ts","message":"orders handler entered","data":{"method":"GET"},"hypothesisId":"D","runId":"post-fix","timestamp":1780602541376}
{"sessionId":"18b736","location":"lib/firebase/admin.ts:db-proxy","message":"first db access","data":{},"hypothesisId":"D","runId":"post-fix","timestamp":1780602541381}
{"sessionId":"18b736","location":"lib/firebase/admin.ts:ensureInitialized","message":"initializing new app","data":{"appsCountBefore":0},"hypothesisId":"A,E","runId":"post-fix","timestamp":1780602541383}
{"sessionId":"18b736","location":"lib/firebase/admin.ts:getServiceAccount","message":"credential env check","data":{"hasProjectId":true,"hasClientEmail":true,"hasPrivateKey":true,"privateKeySource":"env","envPrivateKeyLength":1704,"serviceAccountFileFound":true,"privateKeyHasEscapedNewline":false},"hypothesisId":"A,B,C,H6","runId":"post-fix","timestamp":1780602541384}
{"sessionId":"18b736","location":"lib/firebase/admin.ts:ensureInitialized","message":"init success","data":{"appsCountAfter":1},"hypothesisId":"A","runId":"post-fix","timestamp":1780602541387}
{"sessionId":"18b736","location":"pages/api/admin/orders.ts","message":"orders handler success","data":{"count":0},"hypothesisId":"A","runId":"post-fix","timestamp":1780602545162}
{"sessionId":"18b736","location":"pages/api/admin/orders.ts","message":"orders handler entered","data":{"method":"GET"},"hypothesisId":"D","runId":"post-fix","timestamp":1780602782510}
{"sessionId":"18b736","location":"lib/firebase/admin.ts:db-proxy","message":"first db access","data":{},"hypothesisId":"D","runId":"post-fix","timestamp":1780602782515}
{"sessionId":"18b736","location":"lib/firebase/admin.ts:ensureInitialized","message":"reuse existing app","data":{"appsCount":1},"hypothesisId":"D","runId":"post-fix","timestamp":1780602782517}
{"sessionId":"18b736","location":"pages/api/admin/orders.ts","message":"orders handler success","data":{"count":0},"hypothesisId":"A","runId":"post-fix","timestamp":1780602785050}
{"sessionId":"18b736","location":"pages/api/admin/orders.ts","message":"orders handler entered","data":{"method":"GET"},"hypothesisId":"D","runId":"post-fix","timestamp":1780602796353}
{"sessionId":"18b736","location":"lib/firebase/admin.ts:ensureInitialized","message":"reuse existing app","data":{"appsCount":1},"hypothesisId":"D","runId":"post-fix","timestamp":1780602796354}
{"sessionId":"18b736","location":"pages/api/admin/orders.ts","message":"orders handler success","data":{"count":0},"hypothesisId":"A","runId":"post-fix","timestamp":1780602797053}
{"sessionId":"18b736","location":"pages/api/admin/orders.ts","message":"orders handler entered","data":{"method":"GET"},"hypothesisId":"D","runId":"post-fix","timestamp":1780602799104}
{"sessionId":"18b736","location":"lib/firebase/admin.ts:ensureInitialized","message":"reuse existing app","data":{"appsCount":1},"hypothesisId":"D","runId":"post-fix","timestamp":1780602799107}
{"sessionId":"18b736","location":"pages/api/admin/orders.ts","message":"orders handler success","data":{"count":0},"hypothesisId":"A","runId":"post-fix","timestamp":1780602799805}
{"sessionId":"18b736","location":"pages/api/admin/orders.ts","message":"orders handler entered","data":{"method":"GET"},"hypothesisId":"D","runId":"post-fix","timestamp":1780602895729}
{"sessionId":"18b736","location":"lib/firebase/admin.ts:db-proxy","message":"first db access","data":{},"hypothesisId":"D","runId":"post-fix","timestamp":1780602895731}
{"sessionId":"18b736","location":"lib/firebase/admin.ts:ensureInitialized","message":"reuse existing app","data":{"appsCount":1},"hypothesisId":"D","runId":"post-fix","timestamp":1780602895733}
{"sessionId":"18b736","location":"pages/api/admin/orders.ts","message":"orders handler success","data":{"count":0},"hypothesisId":"A","runId":"post-fix","timestamp":1780602896444}
{"sessionId":"18b736","location":"pages/api/admin/orders.ts","message":"orders handler entered","data":{"method":"GET"},"hypothesisId":"D","runId":"post-fix","timestamp":1780602907210}
{"sessionId":"18b736","location":"lib/firebase/admin.ts:db-proxy","message":"first db access","data":{},"hypothesisId":"D","runId":"post-fix","timestamp":1780602907212}
{"sessionId":"18b736","location":"lib/firebase/admin.ts:ensureInitialized","message":"reuse existing app","data":{"appsCount":1},"hypothesisId":"D","runId":"post-fix","timestamp":1780602907212}
{"sessionId":"18b736","location":"pages/api/admin/orders.ts","message":"orders handler success","data":{"count":0},"hypothesisId":"A","runId":"post-fix","timestamp":1780602907912}
{"sessionId":"18b736","location":"pages/api/admin/orders.ts","message":"orders handler entered","data":{"method":"GET"},"hypothesisId":"D","runId":"post-fix","timestamp":1780603036707}
{"sessionId":"18b736","location":"lib/firebase/admin.ts:db-proxy","message":"first db access","data":{},"hypothesisId":"D","runId":"post-fix","timestamp":1780603036709}
{"sessionId":"18b736","location":"lib/firebase/admin.ts:ensureInitialized","message":"reuse existing app","data":{"appsCount":1},"hypothesisId":"D","runId":"post-fix","timestamp":1780603036710}
{"sessionId":"18b736","location":"pages/api/admin/orders.ts","message":"orders handler success","data":{"count":0},"hypothesisId":"A","runId":"post-fix","timestamp":1780603037424}
{"sessionId":"18b736","location":"pages/api/admin/orders.ts","message":"orders handler entered","data":{"method":"GET"},"hypothesisId":"D","runId":"post-fix","timestamp":1780603040516}
{"sessionId":"18b736","location":"lib/firebase/admin.ts:ensureInitialized","message":"reuse existing app","data":{"appsCount":1},"hypothesisId":"D","runId":"post-fix","timestamp":1780603040519}
{"sessionId":"18b736","location":"pages/api/admin/orders.ts","message":"orders handler success","data":{"count":0},"hypothesisId":"A","runId":"post-fix","timestamp":1780603041221}
{"sessionId":"18b736","location":"pages/api/admin/orders.ts","message":"orders handler entered","data":{"method":"GET"},"hypothesisId":"D","runId":"post-fix","timestamp":1780603110688}
{"sessionId":"18b736","location":"lib/firebase/admin.ts:ensureInitialized","message":"reuse existing app","data":{"appsCount":1},"hypothesisId":"D","runId":"post-fix","timestamp":1780603110690}
{"sessionId":"18b736","location":"pages/api/admin/orders.ts","message":"orders handler success","data":{"count":0},"hypothesisId":"A","runId":"post-fix","timestamp":1780603111392}
{"sessionId":"18b736","location":"pages/api/admin/orders.ts","message":"orders handler entered","data":{"method":"GET"},"hypothesisId":"D","runId":"post-fix","timestamp":1780603114486}
{"sessionId":"18b736","location":"lib/firebase/admin.ts:ensureInitialized","message":"reuse existing app","data":{"appsCount":1},"hypothesisId":"D","runId":"post-fix","timestamp":1780603114487}
{"sessionId":"18b736","location":"pages/api/admin/orders.ts","message":"orders handler success","data":{"count":0},"hypothesisId":"A","runId":"post-fix","timestamp":1780603115170}
{"sessionId":"18b736","location":"lib/firebase/admin.ts:ensureInitialized","message":"reuse existing app","data":{"appsCount":1},"hypothesisId":"D","runId":"post-fix","timestamp":1780603217839}
{"sessionId":"18b736","location":"lib/firebase/admin.ts:ensureInitialized","message":"reuse existing app","data":{"appsCount":1},"hypothesisId":"D","runId":"post-fix","timestamp":1780603226662}
{"sessionId":"18b736","location":"lib/firebase/admin.ts:ensureInitialized","message":"reuse existing app","data":{"appsCount":1},"hypothesisId":"D","runId":"post-fix","timestamp":1780603233000}
{"sessionId":"18b736","location":"lib/firebase/admin.ts:ensureInitialized","message":"reuse existing app","data":{"appsCount":1},"hypothesisId":"D","runId":"post-fix","timestamp":1780603401029}
{"sessionId":"18b736","location":"lib/firebase/admin.ts:ensureInitialized","message":"reuse existing app","data":{"appsCount":1},"hypothesisId":"D","runId":"post-fix","timestamp":1780603749828}
{"sessionId":"18b736","location":"lib/firebase/admin.ts:ensureInitialized","message":"reuse existing app","data":{"appsCount":1},"hypothesisId":"D","runId":"post-fix","timestamp":1780603788450}
{"sessionId":"18b736","location":"lib/firebase/admin.ts:ensureInitialized","message":"reuse existing app","data":{"appsCount":1},"hypothesisId":"D","runId":"post-fix","timestamp":1780603788452}
{"sessionId":"18b736","location":"lib/firebase/admin.ts:ensureInitialized","message":"reuse existing app","data":{"appsCount":1},"hypothesisId":"D","runId":"post-fix","timestamp":1780603843542}
{"sessionId":"18b736","location":"lib/firebase/admin.ts:ensureInitialized","message":"reuse existing app","data":{"appsCount":1},"hypothesisId":"D","runId":"post-fix","timestamp":1780603844677}
{"sessionId":"18b736","location":"lib/firebase/admin.ts:ensureInitialized","message":"reuse existing app","data":{"appsCount":1},"hypothesisId":"D","runId":"post-fix","timestamp":1780603857983}
{"sessionId":"18b736","location":"lib/firebase/admin.ts:ensureInitialized","message":"reuse existing app","data":{"appsCount":1},"hypothesisId":"D","runId":"post-fix","timestamp":1780603858506}
{"sessionId":"18b736","location":"lib/firebase/admin.ts:ensureInitialized","message":"reuse existing app","data":{"appsCount":1},"hypothesisId":"D","runId":"post-fix","timestamp":1780603889210}
{"sessionId":"18b736","location":"lib/firebase/admin.ts:ensureInitialized","message":"reuse existing app","data":{"appsCount":1},"hypothesisId":"D","runId":"post-fix","timestamp":1780603889946}
{"sessionId":"18b736","location":"lib/firebase/admin.ts:ensureInitialized","message":"reuse existing app","data":{"appsCount":1},"hypothesisId":"D","runId":"post-fix","timestamp":1780603896009}
{"sessionId":"18b736","location":"lib/firebase/admin.ts:ensureInitialized","message":"reuse existing app","data":{"appsCount":1},"hypothesisId":"D","runId":"post-fix","timestamp":1780603897352}
{"sessionId":"18b736","location":"lib/firebase/admin.ts:ensureInitialized","message":"reuse existing app","data":{"appsCount":1},"hypothesisId":"D","runId":"post-fix","timestamp":1780603897353}
{"sessionId":"18b736","location":"lib/firebase/admin.ts:ensureInitialized","message":"reuse existing app","data":{"appsCount":1},"hypothesisId":"D","runId":"post-fix","timestamp":1780603897354}
{"sessionId":"18b736","location":"lib/firebase/admin.ts:ensureInitialized","message":"reuse existing app","data":{"appsCount":1},"hypothesisId":"D","runId":"post-fix","timestamp":1780603897355}
{"sessionId":"18b736","location":"lib/firebase/admin.ts:ensureInitialized","message":"reuse existing app","data":{"appsCount":1},"hypothesisId":"D","runId":"post-fix","timestamp":1780603900806}
{"sessionId":"18b736","location":"lib/firebase/admin.ts:ensureInitialized","message":"reuse existing app","data":{"appsCount":1},"hypothesisId":"D","runId":"post-fix","timestamp":1780603907120}
